// Jest Snapshot v1, https://goo.gl/fbAQLP

exports[`работа кнопки "Все" 1`] = `
<div
  className="MobileCompany"
>
  <div
    className="MobileCompanyName"
  >
    <input
      className="ButtonName"
      onClick={[Function]}
      type="button"
      value="Velcom"
    />
    <input
      className="ButtonName"
      onClick={[Function]}
      type="button"
      value="МТС"
    />
    <div
      className="CurrentName"
    >
      Компания: 
      Velcom
    </div>
  </div>
  <div
    className="MobileClientsFilter"
  >
    <input
      className="ButtonName"
      onClick={[Function]}
      type="button"
      value="Все"
    />
    <input
      className="ButtonName"
      onClick={[Function]}
      type="button"
      value="Активные"
    />
    <input
      className="ButtonName"
      onClick={[Function]}
      type="button"
      value="Заблокированные"
    />
  </div>
  <table
    className="MobileCompanyClients"
  >
    <tbody>
      <tr
        className="HatClients"
      >
        <td>
          Фамилия
        </td>
        <td>
          Имя
        </td>
        <td>
          Отчество
        </td>
        <td>
          Баланс
        </td>
        <td>
          Статус
        </td>
        <td>
          Редактировать
        </td>
        <td>
          Удалить
        </td>
      </tr>
      <tr
        className="MobileClient"
      >
        <td>
          Иванов
        </td>
        <td>
          Иван
        </td>
        <td>
          Иванович
        </td>
        <td>
          200
        </td>
        <td
          className="StatusActive"
        >
          active
        </td>
        <td>
          <input
            className="ButtonName"
            onClick={[Function]}
            type="button"
            value="Редактировать"
          />
        </td>
        <td>
          <input
            className="ButtonName"
            onClick={[Function]}
            type="button"
            value="Удалить"
          />
        </td>
      </tr>
      <tr
        className="MobileClient"
      >
        <td>
          Сидоров
        </td>
        <td>
          Сидор
        </td>
        <td>
          Сидорович
        </td>
        <td>
          250
        </td>
        <td
          className="StatusActive"
        >
          active
        </td>
        <td>
          <input
            className="ButtonName"
            onClick={[Function]}
            type="button"
            value="Редактировать"
          />
        </td>
        <td>
          <input
            className="ButtonName"
            onClick={[Function]}
            type="button"
            value="Удалить"
          />
        </td>
      </tr>
      <tr
        className="MobileClient"
      >
        <td>
          Петров
        </td>
        <td>
          Петр
        </td>
        <td>
          Петрович
        </td>
        <td>
          180
        </td>
        <td
          className="StatusActive"
        >
          active
        </td>
        <td>
          <input
            className="ButtonName"
            onClick={[Function]}
            type="button"
            value="Редактировать"
          />
        </td>
        <td>
          <input
            className="ButtonName"
            onClick={[Function]}
            type="button"
            value="Удалить"
          />
        </td>
      </tr>
      <tr
        className="MobileClient"
      >
        <td>
          Григорьев
        </td>
        <td>
          Григорий
        </td>
        <td>
          Григорьевич
        </td>
        <td>
          -220
        </td>
        <td
          className="StatusBlocked"
        >
          blocked
        </td>
        <td>
          <input
            className="ButtonName"
            onClick={[Function]}
            type="button"
            value="Редактировать"
          />
        </td>
        <td>
          <input
            className="ButtonName"
            onClick={[Function]}
            type="button"
            value="Удалить"
          />
        </td>
      </tr>
    </tbody>
  </table>
  <input
    className="ButtonName"
    onClick={[Function]}
    type="button"
    value="Добавить клиента"
  />
</div>
`;

exports[`работа кнопки "Все" 2`] = `
<div
  className="MobileCompany"
>
  <div
    className="MobileCompanyName"
  >
    <input
      className="ButtonName"
      onClick={[Function]}
      type="button"
      value="Velcom"
    />
    <input
      className="ButtonName"
      onClick={[Function]}
      type="button"
      value="МТС"
    />
    <div
      className="CurrentName"
    >
      Компания: 
      Velcom
    </div>
  </div>
  <div
    className="MobileClientsFilter"
  >
    <input
      className="ButtonName"
      onClick={[Function]}
      type="button"
      value="Все"
    />
    <input
      className="ButtonName"
      onClick={[Function]}
      type="button"
      value="Активные"
    />
    <input
      className="ButtonName"
      onClick={[Function]}
      type="button"
      value="Заблокированные"
    />
  </div>
  <table
    className="MobileCompanyClients"
  >
    <tbody>
      <tr
        className="HatClients"
      >
        <td>
          Фамилия
        </td>
        <td>
          Имя
        </td>
        <td>
          Отчество
        </td>
        <td>
          Баланс
        </td>
        <td>
          Статус
        </td>
        <td>
          Редактировать
        </td>
        <td>
          Удалить
        </td>
      </tr>
      <tr
        className="MobileClient"
      >
        <td>
          Иванов
        </td>
        <td>
          Иван
        </td>
        <td>
          Иванович
        </td>
        <td>
          200
        </td>
        <td
          className="StatusActive"
        >
          active
        </td>
        <td>
          <input
            className="ButtonName"
            onClick={[Function]}
            type="button"
            value="Редактировать"
          />
        </td>
        <td>
          <input
            className="ButtonName"
            onClick={[Function]}
            type="button"
            value="Удалить"
          />
        </td>
      </tr>
      <tr
        className="MobileClient"
      >
        <td>
          Сидоров
        </td>
        <td>
          Сидор
        </td>
        <td>
          Сидорович
        </td>
        <td>
          250
        </td>
        <td
          className="StatusActive"
        >
          active
        </td>
        <td>
          <input
            className="ButtonName"
            onClick={[Function]}
            type="button"
            value="Редактировать"
          />
        </td>
        <td>
          <input
            className="ButtonName"
            onClick={[Function]}
            type="button"
            value="Удалить"
          />
        </td>
      </tr>
      <tr
        className="MobileClient"
      >
        <td>
          Петров
        </td>
        <td>
          Петр
        </td>
        <td>
          Петрович
        </td>
        <td>
          180
        </td>
        <td
          className="StatusActive"
        >
          active
        </td>
        <td>
          <input
            className="ButtonName"
            onClick={[Function]}
            type="button"
            value="Редактировать"
          />
        </td>
        <td>
          <input
            className="ButtonName"
            onClick={[Function]}
            type="button"
            value="Удалить"
          />
        </td>
      </tr>
      <tr
        className="MobileClient"
      >
        <td>
          Григорьев
        </td>
        <td>
          Григорий
        </td>
        <td>
          Григорьевич
        </td>
        <td>
          -220
        </td>
        <td
          className="StatusBlocked"
        >
          blocked
        </td>
        <td>
          <input
            className="ButtonName"
            onClick={[Function]}
            type="button"
            value="Редактировать"
          />
        </td>
        <td>
          <input
            className="ButtonName"
            onClick={[Function]}
            type="button"
            value="Удалить"
          />
        </td>
      </tr>
    </tbody>
  </table>
  <input
    className="ButtonName"
    onClick={[Function]}
    type="button"
    value="Добавить клиента"
  />
</div>
`;
